// Jest Snapshot v1, https://goo.gl/fbAQLP

exports[`App should match the snapshot 1`] = `
<div
  className="App"
>
  <h1
    className="App--h1 fade-in"
  >
    study sorting
  </h1>
  <main
    className="main"
  >
    <Demo
      algorithmName="Bubble Sort"
    />
    <div
      className="main--right-arrow"
      onClick={[Function]}
    />
  </main>
</div>
`;
