// Jest Snapshot v1, https://goo.gl/fbAQLP

exports[`Buttons should match the snapshot when is showStartButton is false 1`] = `
<footer
  className="footer"
>
  <div
    className="btn-container"
  >
    <button
      className="btn-back"
      onClick={[Function]}
    >
      back
    </button>
    <button
      className="btn-restart"
      onClick={[MockFunction]}
    >
      restart
    </button>
    <button
      className="btn-next"
      onClick={[Function]}
    >
      next
    </button>
  </div>
</footer>
`;
